Running DivZero on main
Potential Instructions by DivZero: 
  %div = sdiv i32 %5, %7
