Running DivZero on f
Potential Instructions by DivZero: 
  %div = udiv i32 %4, %5
