Running DivZero on f
Potential Instructions by DivZero: 
